exports[`EpisodesList renders correctly 1`] = `
<ul
  className="episodes-list"
  data-jsx={604570939}>
  <li
    className="episodes-list__item"
    data-jsx={604570939}>
    <img
      className="episodes-list__poster"
      data-jsx={604570939}
      src="poster-url-1" />
    <h3
      className="episodes-list__title"
      data-jsx={604570939}>
      01a - episode-name-1
    </h3>
    <div
      className="video-links"
      data-jsx={3306389491}>
      <a
        className="video-links__item"
        data-jsx={3306389491}
        href="video-url-1">
        video-name-1
      </a>
    </div>
  </li>
  <li
    className="episodes-list__item"
    data-jsx={604570939}>
    <img
      className="episodes-list__poster"
      data-jsx={604570939}
      src="poster-url-2" />
    <h3
      className="episodes-list__title"
      data-jsx={604570939}>
      01b - episode-name-2
    </h3>
    <div
      className="video-links"
      data-jsx={3306389491}>
      <a
        className="video-links__item"
        data-jsx={3306389491}
        href="video-url-1">
        video-name-1
      </a>
    </div>
  </li>
</ul>
`;
